[    0.000000] Initializing cgroup subsys cpuset
[    0.000000] Initializing cgroup subsys cpu
[    0.000000] Initializing cgroup subsys cpuacct
[    0.000000] Linux version 4.4.48 (user@user-OptiPlex-7010) (gcc version 5.4.0 20160609 (Ubuntu 5.4.0-6ubuntu1~16.04.4) ) #1 SMP Fri Feb 10 09:57:05 SGT 2017
[    0.000000] Command line: console=ttyS0
[    0.000000] x86/fpu: Legacy x87 FPU detected.
[    0.000000] x86/fpu: Using 'lazy' FPU context switches.
[    0.000000] e820: BIOS-provided physical RAM map:
[    0.000000] BIOS-e820: [mem 0x0000000000000000-0x000000000009fbff] usable
[    0.000000] BIOS-e820: [mem 0x000000000009fc00-0x000000000009ffff] reserved
[    0.000000] BIOS-e820: [mem 0x00000000000f0000-0x00000000000fffff] reserved
[    0.000000] BIOS-e820: [mem 0x0000000000100000-0x00000000bffdffff] usable
[    0.000000] BIOS-e820: [mem 0x00000000bffe0000-0x00000000bfffffff] reserved
[    0.000000] BIOS-e820: [mem 0x00000000feffc000-0x00000000feffffff] reserved
[    0.000000] BIOS-e820: [mem 0x00000000fffc0000-0x00000000ffffffff] reserved
[    0.000000] BIOS-e820: [mem 0x0000000100000000-0x0000000139ffffff] usable
[    0.000000] NX (Execute Disable) protection: active
[    0.000000] SMBIOS 2.8 present.
[    0.000000] e820: last_pfn = 0x13a000 max_arch_pfn = 0x400000000
[    0.000000] x86/PAT: PAT not supported by CPU.
[    0.000000] x86/PAT: Configuration [0-7]: WB  WT  UC- UC  WB  WT  UC- UC  
[    0.000000] e820: last_pfn = 0xbffe0 max_arch_pfn = 0x400000000
[    0.000000] found SMP MP-table at [mem 0x000f6640-0x000f664f] mapped at [ffff8800000f6640]
[    0.000000] Scanning 1 areas for low memory corruption
[    0.000000] RAMDISK: [mem 0x7ff3f000-0x7fffffff]
[    0.000000] ACPI: Early table checksum verification disabled
[    0.000000] ACPI: RSDP 0x00000000000F6440 000014 (v00 BOCHS )
[    0.000000] ACPI: RSDT 0x00000000BFFE16EE 000034 (v01 BOCHS  BXPCRSDT 00000001 BXPC 00000001)
[    0.000000] ACPI: FACP 0x00000000BFFE0C14 000074 (v01 BOCHS  BXPCFACP 00000001 BXPC 00000001)
[    0.000000] ACPI: DSDT 0x00000000BFFE0040 000BD4 (v01 BOCHS  BXPCDSDT 00000001 BXPC 00000001)
[    0.000000] ACPI: FACS 0x00000000BFFE0000 000040
[    0.000000] ACPI: SSDT 0x00000000BFFE0C88 0009B6 (v01 BOCHS  BXPCSSDT 00000001 BXPC 00000001)
[    0.000000] ACPI: APIC 0x00000000BFFE163E 000078 (v01 BOCHS  BXPCAPIC 00000001 BXPC 00000001)
[    0.000000] ACPI: HPET 0x00000000BFFE16B6 000038 (v01 BOCHS  BXPCHPET 00000001 BXPC 00000001)
[    0.000000] No NUMA configuration found
[    0.000000] Faking a node at [mem 0x0000000000000000-0x0000000139ffffff]
[    0.000000] NODE_DATA(0) allocated [mem 0x139ff9000-0x139ffcfff]
[    0.000000] Zone ranges:
[    0.000000]   DMA      [mem 0x0000000000001000-0x0000000000ffffff]
[    0.000000]   DMA32    [mem 0x0000000001000000-0x00000000ffffffff]
[    0.000000]   Normal   [mem 0x0000000100000000-0x0000000139ffffff]
[    0.000000] Movable zone start for each node
[    0.000000] Early memory node ranges
[    0.000000]   node   0: [mem 0x0000000000001000-0x000000000009efff]
[    0.000000]   node   0: [mem 0x0000000000100000-0x00000000bffdffff]
[    0.000000]   node   0: [mem 0x0000000100000000-0x0000000139ffffff]
[    0.000000] Initmem setup node 0 [mem 0x0000000000001000-0x0000000139ffffff]
[    0.000000] ACPI: PM-Timer IO Port: 0x608
[    0.000000] ACPI: LAPIC_NMI (acpi_id[0xff] dfl dfl lint[0x1])
[    0.000000] IOAPIC[0]: apic_id 0, version 17, address 0xfec00000, GSI 0-23
[    0.000000] ACPI: INT_SRC_OVR (bus 0 bus_irq 0 global_irq 2 dfl dfl)
[    0.000000] ACPI: INT_SRC_OVR (bus 0 bus_irq 5 global_irq 5 high level)
[    0.000000] ACPI: INT_SRC_OVR (bus 0 bus_irq 9 global_irq 9 high level)
[    0.000000] ACPI: INT_SRC_OVR (bus 0 bus_irq 10 global_irq 10 high level)
[    0.000000] ACPI: INT_SRC_OVR (bus 0 bus_irq 11 global_irq 11 high level)
[    0.000000] Using ACPI (MADT) for SMP configuration information
[    0.000000] ACPI: HPET id: 0x8086a201 base: 0xfed00000
[    0.000000] smpboot: Allowing 1 CPUs, 0 hotplug CPUs
[    0.000000] PM: Registered nosave memory: [mem 0x00000000-0x00000fff]
[    0.000000] PM: Registered nosave memory: [mem 0x0009f000-0x0009ffff]
[    0.000000] PM: Registered nosave memory: [mem 0x000a0000-0x000effff]
[    0.000000] PM: Registered nosave memory: [mem 0x000f0000-0x000fffff]
[    0.000000] PM: Registered nosave memory: [mem 0xbffe0000-0xbfffffff]
[    0.000000] PM: Registered nosave memory: [mem 0xc0000000-0xfeffbfff]
[    0.000000] PM: Registered nosave memory: [mem 0xfeffc000-0xfeffffff]
[    0.000000] PM: Registered nosave memory: [mem 0xff000000-0xfffbffff]
[    0.000000] PM: Registered nosave memory: [mem 0xfffc0000-0xffffffff]
[    0.000000] e820: [mem 0xc0000000-0xfeffbfff] available for PCI devices
[    0.000000] clocksource: refined-jiffies: mask: 0xffffffff max_cycles: 0xffffffff, max_idle_ns: 1910969940391419 ns
[    0.000000] setup_percpu: NR_CPUS:64 nr_cpumask_bits:64 nr_cpu_ids:1 nr_node_ids:1
[    0.000000] PERCPU: Embedded 32 pages/cpu @ffff880139c00000 s90648 r8192 d32232 u2097152
[    0.000000] Built 1 zonelists in Node order, mobility grouping on.  Total pages: 1007849
[    0.000000] Policy zone: Normal
[    0.000000] Kernel command line: console=ttyS0
[    0.000000] PID hash table entries: 4096 (order: 3, 32768 bytes)
[    0.000000] Memory: 3945252K/4095480K available (8713K kernel code, 1143K rwdata, 2764K rodata, 1080K init, 924K bss, 150228K reserved, 0K cma-reserved)
[    0.000000] SLUB: HWalign=64, Order=0-3, MinObjects=0, CPUs=1, Nodes=1
[    0.000000] Hierarchical RCU implementation.
[    0.000000] 	Build-time adjustment of leaf fanout to 64.
[    0.000000] 	RCU restricting CPUs from NR_CPUS=64 to nr_cpu_ids=1.
[    0.000000] RCU: Adjusting geometry for rcu_fanout_leaf=64, nr_cpu_ids=1
[    0.000000] NR_IRQS:4352 nr_irqs:256 16
[    0.000000] Console: colour VGA+ 80x25
[    0.000000] console [ttyS0] enabled
[    0.000000] clocksource: hpet: mask: 0xffffffff max_cycles: 0xffffffff, max_idle_ns: 19112604467 ns
[    0.000000] tsc: Fast TSC calibration using PIT
[    0.000000] tsc: Detected 3192.737 MHz processor
[    0.003015] Calibrating delay loop (skipped), value calculated using timer frequency.. 6385.47 BogoMIPS (lpj=3192737)
[    0.004248] pid_max: default: 32768 minimum: 301
[    0.004682] ACPI: Core revision 20150930
[    0.005645] ACPI: 2 ACPI AML tables successfully acquired and loaded
[    0.006038] Security Framework initialized
[    0.006397] SELinux:  Initializing.
[    0.007295] Dentry cache hash table entries: 524288 (order: 10, 4194304 bytes)
[    0.009006] Inode-cache hash table entries: 262144 (order: 9, 2097152 bytes)
[    0.010000] Mount-cache hash table entries: 8192 (order: 4, 65536 bytes)
[    0.010016] Mountpoint-cache hash table entries: 8192 (order: 4, 65536 bytes)
[    0.011140] Initializing cgroup subsys freezer
[    0.011590] mce: CPU supports 10 MCE banks
[    0.012045] Last level iTLB entries: 4KB 0, 2MB 0, 4MB 0
[    0.012489] Last level dTLB entries: 4KB 0, 2MB 0, 4MB 0, 1GB 0
[    0.024579] Freeing SMP alternatives memory: 32K (ffffffff8202d000 - ffffffff82035000)
[    0.025810] ..TIMER: vector=0x30 apic1=0 pin1=2 apic2=-1 pin2=-1
[    0.036000] smpboot: CPU0: Intel QEMU Virtual CPU version 2.5+ (family: 0x6, model: 0x6, stepping: 0x3)
[    0.036000] Performance Events: Broken PMU hardware detected, using software events only.
[    0.036425] Failed to access perfctr msr (MSR c2 is 0)
[    0.037097] x86: Booted up 1 node, 1 CPUs
[    0.037435] smpboot: Total of 1 processors activated (6385.47 BogoMIPS)
[    0.038179] devtmpfs: initialized
[    0.038646] clocksource: jiffies: mask: 0xffffffff max_cycles: 0xffffffff, max_idle_ns: 1911260446275000 ns
[    0.039163] RTC time:  4:03:01, date: 03/02/17
[    0.040075] NET: Registered protocol family 16
[    0.040533] cpuidle: using governor ladder
[    0.040874] cpuidle: using governor menu
[    0.041030] ACPI: bus type PCI registered
[    0.041424] PCI: Using configuration type 1 for base access
[    0.045671] kworker/u2:1 (96) used greatest stack depth: 15048 bytes left
[    0.047097] kworker/u2:1 (98) used greatest stack depth: 14472 bytes left
[    0.052098] kworker/u2:1 (90) used greatest stack depth: 14040 bytes left
[    0.054518] ACPI: Added _OSI(Module Device)
[    0.054880] ACPI: Added _OSI(Processor Device)
[    0.055019] ACPI: Added _OSI(3.0 _SCP Extensions)
[    0.055435] ACPI: Added _OSI(Processor Aggregator Device)
[    0.057113] ACPI: Interpreter enabled
[    0.057432] ACPI: (supports S0 S3 S4 S5)
[    0.057755] ACPI: Using IOAPIC for interrupt routing
[    0.058030] PCI: Using host bridge windows from ACPI; if necessary, use "pci=nocrs" and report a bug
[    0.061125] ACPI: PCI Root Bridge [PCI0] (domain 0000 [bus 00-ff])
[    0.061639] acpi PNP0A03:00: _OSC: OS supports [ASPM ClockPM Segments MSI]
[    0.062724] acpi PNP0A03:00: _OSC failed (AE_NOT_FOUND); disabling ASPM
[    0.063013] acpi PNP0A03:00: fail to add MMCONFIG information, can't access extended PCI configuration space under this bridge.
[    0.064061] PCI host bridge to bus 0000:00
[    0.064417] pci_bus 0000:00: root bus resource [io  0x0000-0x0cf7 window]
[    0.065067] pci_bus 0000:00: root bus resource [io  0x0d00-0xffff window]
[    0.066005] pci_bus 0000:00: root bus resource [mem 0x000a0000-0x000bffff window]
[    0.066618] pci_bus 0000:00: root bus resource [mem 0xc0000000-0xfebfffff window]
[    0.067041] pci_bus 0000:00: root bus resource [bus 00-ff]
[    0.071196] pci 0000:00:01.1: legacy IDE quirk: reg 0x10: [io  0x01f0-0x01f7]
[    0.071788] pci 0000:00:01.1: legacy IDE quirk: reg 0x14: [io  0x03f6]
[    0.072013] pci 0000:00:01.1: legacy IDE quirk: reg 0x18: [io  0x0170-0x0177]
[    0.072592] pci 0000:00:01.1: legacy IDE quirk: reg 0x1c: [io  0x0376]
[    0.073427] pci 0000:00:01.3: quirk: [io  0x0600-0x063f] claimed by PIIX4 ACPI
[    0.074013] pci 0000:00:01.3: quirk: [io  0x0700-0x070f] claimed by PIIX4 SMB
[    0.087069] ACPI: PCI Interrupt Link [LNKA] (IRQs 5 *10 11)
[    0.087742] ACPI: PCI Interrupt Link [LNKB] (IRQs 5 *10 11)
[    0.088263] ACPI: PCI Interrupt Link [LNKC] (IRQs 5 10 *11)
[    0.088845] ACPI: PCI Interrupt Link [LNKD] (IRQs 5 10 *11)
[    0.090060] ACPI: PCI Interrupt Link [LNKS] (IRQs *9)
[    0.090723] ACPI: Enabled 16 GPEs in block 00 to 0F
[    0.091102] vgaarb: setting as boot device: PCI:0000:00:02.0
[    0.091550] vgaarb: device added: PCI:0000:00:02.0,decodes=io+mem,owns=io+mem,locks=none
[    0.092008] vgaarb: loaded
[    0.092235] vgaarb: bridge control possible 0000:00:02.0
[    0.093135] SCSI subsystem initialized
[    0.093515] ACPI: bus type USB registered
[    0.094022] usbcore: registered new interface driver usbfs
[    0.094542] usbcore: registered new interface driver hub
[    0.094969] usbcore: registered new device driver usb
[    0.095074] pps_core: LinuxPPS API ver. 1 registered
[    0.095503] pps_core: Software ver. 5.3.6 - Copyright 2005-2007 Rodolfo Giometti <giometti@linux.it>
[    0.097348] PTP clock support registered
[    0.097781] Advanced Linux Sound Architecture Driver Initialized.
[    0.098045] PCI: Using ACPI for IRQ routing
[    0.099122] NetLabel: Initializing
[    0.099440] NetLabel:  domain hash size = 128
[    0.099793] NetLabel:  protocols = UNLABELED CIPSOv4
[    0.100164] NetLabel:  unlabeled traffic allowed by default
[    0.100721] HPET: 3 timers in total, 0 timers will be used for per-cpu timer
[    0.101025] hpet0: at MMIO 0xfed00000, IRQs 2, 8, 0
[    0.101469] hpet0: 3 comparators, 64-bit 100.000000 MHz counter
[    0.105041] amd_nb: Cannot enumerate AMD northbridges
[    0.106043] clocksource: Switched to clocksource hpet
[    0.112694] pnp: PnP ACPI init
[    0.113438] pnp: PnP ACPI: found 6 devices
[    0.120821] clocksource: acpi_pm: mask: 0xffffff max_cycles: 0xffffff, max_idle_ns: 2085701024 ns
[    0.122138] NET: Registered protocol family 2
[    0.122634] TCP established hash table entries: 32768 (order: 6, 262144 bytes)
[    0.123308] TCP bind hash table entries: 32768 (order: 7, 524288 bytes)
[    0.123928] TCP: Hash tables configured (established 32768 bind 32768)
[    0.124584] UDP hash table entries: 2048 (order: 4, 65536 bytes)
[    0.125126] UDP-Lite hash table entries: 2048 (order: 4, 65536 bytes)
[    0.125829] NET: Registered protocol family 1
[    0.126392] RPC: Registered named UNIX socket transport module.
[    0.126868] RPC: Registered udp transport module.
[    0.127277] RPC: Registered tcp transport module.
[    0.127664] RPC: Registered tcp NFSv4.1 backchannel transport module.
[    0.128222] pci 0000:00:00.0: Limiting direct PCI/PCI transfers
[    0.128719] pci 0000:00:01.0: PIIX3: Enabling Passive Release
[    0.129228] pci 0000:00:01.0: Activating ISA DMA hang workarounds
[    0.129826] Unpacking initramfs...
[    0.139412] Freeing initrd memory: 772K (ffff88007ff3f000 - ffff880080000000)
[    0.140056] PCI-DMA: Using software bounce buffering for IO (SWIOTLB)
[    0.140587] software IO TLB [mem 0xbbfe0000-0xbffe0000] (64MB) mapped at [ffff8800bbfe0000-ffff8800bffdffff]
[    0.141618] Scanning for low memory corruption every 60 seconds
[    0.142440] futex hash table entries: 256 (order: 2, 16384 bytes)
[    0.142944] audit: initializing netlink subsys (disabled)
[    0.143502] audit: type=2000 audit(1488427380.143:1): initialized
[    0.144333] HugeTLB registered 2 MB page size, pre-allocated 0 pages
[    0.147550] VFS: Disk quotas dquot_6.6.0
[    0.147902] VFS: Dquot-cache hash table entries: 512 (order 0, 4096 bytes)
[    0.149096] NFS: Registering the id_resolver key type
[    0.149513] Key type id_resolver registered
[    0.149855] Key type id_legacy registered
[    0.151202] Block layer SCSI generic (bsg) driver version 0.4 loaded (major 251)
[    0.151801] io scheduler noop registered
[    0.152270] io scheduler deadline registered
[    0.152673] io scheduler cfq registered (default)
[    0.153192] pci_hotplug: PCI Hot Plug PCI Core version: 0.5
[    0.153763] input: Power Button as /devices/LNXSYSTM:00/LNXPWRBN:00/input/input0
[    0.154405] ACPI: Power Button [PWRF]
[    0.155111] Serial: 8250/16550 driver, 4 ports, IRQ sharing enabled
[    0.178147] 00:05: ttyS0 at I/O 0x3f8 (irq = 4, base_baud = 115200) is a 16550A
[    0.179320] Non-volatile memory driver v1.3
[    0.179697] Linux agpgart interface v0.103
[    0.180198] [drm] Initialized drm 1.1.0 20060810
[    0.181730] loop: module loaded
[    0.182857] scsi host0: ata_piix
[    0.183271] scsi host1: ata_piix
[    0.183642] ata1: PATA max MWDMA2 cmd 0x1f0 ctl 0x3f6 bmdma 0xc040 irq 14
[    0.184231] ata2: PATA max MWDMA2 cmd 0x170 ctl 0x376 bmdma 0xc048 irq 15
[    0.184837] e100: Intel(R) PRO/100 Network Driver, 3.5.24-k2-NAPI
[    0.185359] e100: Copyright(c) 1999-2006 Intel Corporation
[    0.186196] e1000: Intel(R) PRO/1000 Network Driver - version 7.3.21-k8-NAPI
[    0.186749] e1000: Copyright (c) 1999-2006 Intel Corporation.
[    0.203816] ACPI: PCI Interrupt Link [LNKC] enabled at IRQ 11
[    0.476639] ata2.00: ATAPI: QEMU DVD-ROM, 2.5+, max UDMA/100
[    0.477455] ata2.00: configured for MWDMA2
[    0.478193] scsi 1:0:0:0: CD-ROM            QEMU     QEMU DVD-ROM     2.5+ PQ: 0 ANSI: 5
[    0.489608] sr 1:0:0:0: [sr0] scsi3-mmc drive: 4x/4x cd/rw xa/form2 tray
[    0.490193] cdrom: Uniform CD-ROM driver Revision: 3.20
[    0.490926] sr 1:0:0:0: Attached scsi generic sg0 type 5
[    0.504552] e1000 0000:00:03.0 eth0: (PCI:33MHz:32-bit) 52:54:00:12:34:56
[    0.505314] e1000 0000:00:03.0 eth0: Intel(R) PRO/1000 Network Connection
[    0.505917] sky2: driver version 1.30
[    0.506465] ehci_hcd: USB 2.0 'Enhanced' Host Controller (EHCI) Driver
[    0.506994] ehci-pci: EHCI PCI platform driver
[    0.507463] ohci_hcd: USB 1.1 'Open' Host Controller (OHCI) Driver
[    0.507978] ohci-pci: OHCI PCI platform driver
[    0.508563] uhci_hcd: USB Universal Host Controller Interface driver
[    0.509243] usbcore: registered new interface driver usblp
[    0.509756] usbcore: registered new interface driver usb-storage
[    0.510358] i8042: PNP: PS/2 Controller [PNP0303:KBD,PNP0f13:MOU] at 0x60,0x64 irq 1,12
[    0.511610] serio: i8042 KBD port at 0x60,0x64 irq 1
[    0.512063] serio: i8042 AUX port at 0x60,0x64 irq 12
[    0.512646] mousedev: PS/2 mouse device common for all mice
[    0.513388] input: AT Translated Set 2 keyboard as /devices/platform/i8042/serio0/input/input1
[    0.515615] rtc_cmos 00:00: RTC can wake from S4
[    0.516224] rtc_cmos 00:00: rtc core: registered rtc_cmos as rtc0
[    0.516804] rtc_cmos 00:00: alarms up to one day, 114 bytes nvram, hpet irqs
[    0.517580] device-mapper: ioctl: 4.34.0-ioctl (2015-10-28) initialised: dm-devel@redhat.com
[    0.518351] hidraw: raw HID events driver (C) Jiri Kosina
[    0.519251] usbcore: registered new interface driver usbhid
[    0.519733] usbhid: USB HID core driver
[    0.520546] Netfilter messages via NETLINK v0.30.
[    0.520942] nf_conntrack version 0.5.0 (16384 buckets, 65536 max)
[    0.521596] ctnetlink v0.93: registering with nfnetlink.
[    0.522173] ip_tables: (C) 2000-2006 Netfilter Core Team
[    0.522592] Initializing XFRM netlink socket
[    0.523181] NET: Registered protocol family 10
[    0.523676] ip6_tables: (C) 2000-2006 Netfilter Core Team
[    0.524222] sit: IPv6 over IPv4 tunneling driver
[    0.524740] NET: Registered protocol family 17
[    0.525185] Key type dns_resolver registered
[    0.525694] microcode: CPU0 sig=0x663, pf=0x1, revision=0x1
[    0.526243] microcode: Microcode Update Driver: v2.01 <tigran@aivazian.fsnet.co.uk>, Peter Oruba
[    0.527121] registered taskstats version 1
[    0.527675]   Magic number: 9:65:59
[    0.528034] console [netcon0] enabled
[    0.528328] netconsole: network logging started
[    0.528733] ALSA device list:
[    0.528975]   No soundcards found.
[    0.530195] Freeing unused kernel memory: 1080K (ffffffff81f1f000 - ffffffff8202d000)
[    0.530830] Write protecting the kernel read-only data: 14336k
[    0.531565] Freeing unused kernel memory: 1516K (ffff880001885000 - ffff880001a00000)
[    0.534143] Freeing unused kernel memory: 1332K (ffff880001cb3000 - ffff880001e00000)
init: privesc.cc:340: Fragmenter::Fragmenter(): Assertion `mem != (uintptr_t) MAP_FAILED' failed.
** exited with status 6 (0x6)
[    1.116575] input: ImExPS/2 Generic Explorer Mouse as /devices/platform/i8042/serio1/input/input3
[    1.144173] tsc: Refined TSC clocksource calibration: 3192.758 MHz
[    1.145208] clocksource: tsc: mask: 0xffffffffffffffff max_cycles: 0x2e059125643, max_idle_ns: 440795358364 ns
[    2.146296] clocksource: Switched to clocksource tsc
